\BOOKMARK [1][-]{section*.2}{\376\377\000M\000e\000s\000o\0002\000D\000\137\000r\000e\000f\000a\000c\000t\000o\000r\000\137\000E\000N\000\040\000P\000r\000o\000g\000r\000a\000m\000\040\000S\000y\000m\000b\000o\000l\000\040\000R\000e\000f\000e\000r\000e\000n\000c\000e}{}% 1
\BOOKMARK [2][-]{section*.3}{\376\377\000S\000c\000o\000p\000e}{section*.2}% 2
\BOOKMARK [2][-]{section*.4}{\376\377\000P\000r\000o\000g\000r\000a\000m\000\040\000C\000l\000a\000s\000s\000e\000s}{section*.2}% 3
\BOOKMARK [2][-]{section*.5}{\376\377\000E\000x\000t\000e\000r\000n\000a\000l\000\040\000S\000e\000r\000v\000i\000c\000e\000s\000\040\000a\000n\000d\000\040\000C\000l\000a\000s\000s\000e\000s\000\040\000U\000s\000e\000d}{section*.2}% 4
\BOOKMARK [2][-]{section*.6}{\376\377\000M\000e\000t\000h\000o\000d\000s\000\040\000b\000y\000\040\000C\000l\000a\000s\000s}{section*.2}% 5
\BOOKMARK [3][-]{section*.7}{\376\377\000S\000e\000l\000e\000c\000t\000o\000r}{section*.6}% 6
\BOOKMARK [3][-]{section*.8}{\376\377\000A\000b\000o\000u\000t}{section*.6}% 7
\BOOKMARK [3][-]{section*.9}{\376\377\000m\000a\000i\000n\000P\000r\000o\000g\000r\000a\000m}{section*.6}% 8
\BOOKMARK [3][-]{section*.10}{\376\377\000V\000i\000e\000w\000e\000r\000\137\000i\000m\000a\000g\000e}{section*.6}% 9
\BOOKMARK [3][-]{section*.11}{\376\377\000C\000o\000n\000t\000r\000o\000l\000a\000d\000o\000r}{section*.6}% 10
\BOOKMARK [2][-]{section*.12}{\376\377\000V\000a\000r\000i\000a\000b\000l\000e\000s\000\040\000a\000n\000d\000\040\000A\000t\000t\000r\000i\000b\000u\000t\000e\000s}{section*.2}% 11
\BOOKMARK [2][-]{section*.13}{\376\377\000M\000o\000d\000u\000l\000e\000-\000l\000e\000v\000e\000l\000\040\000V\000a\000r\000i\000a\000b\000l\000e\000s}{section*.2}% 12
\BOOKMARK [2][-]{section*.14}{\376\377\000S\000e\000l\000e\000c\000t\000o\000r\000\040\000A\000t\000t\000r\000i\000b\000u\000t\000e\000s}{section*.2}% 13
\BOOKMARK [2][-]{section*.15}{\376\377\000m\000a\000i\000n\000P\000r\000o\000g\000r\000a\000m\000\040\000A\000t\000t\000r\000i\000b\000u\000t\000e\000s}{section*.2}% 14
\BOOKMARK [3][-]{section*.16}{\376\377\000C\000o\000n\000f\000i\000g\000u\000r\000a\000t\000i\000o\000n\000\040\000a\000n\000d\000\040\000I\000n\000p\000u\000t\000\040\000D\000a\000t\000a}{section*.15}% 15
\BOOKMARK [3][-]{section*.17}{\376\377\000D\000e\000r\000i\000v\000e\000d\000\040\000N\000u\000m\000e\000r\000i\000c\000a\000l\000\040\000S\000t\000a\000t\000e}{section*.15}% 16
\BOOKMARK [3][-]{section*.18}{\376\377\000G\000e\000o\000m\000e\000t\000r\000y\000\040\000C\000o\000l\000l\000e\000c\000t\000i\000o\000n\000s\000\040\000a\000n\000d\000\040\000E\000x\000p\000o\000r\000t\000\040\000D\000a\000t\000a}{section*.15}% 17
\BOOKMARK [3][-]{section*.19}{\376\377\000U\000I\000\040\000a\000n\000d\000\040\000E\000x\000e\000c\000u\000t\000i\000o\000n\000\040\000C\000o\000n\000t\000r\000o\000l\000\040\000S\000t\000a\000t\000e}{section*.15}% 18
\BOOKMARK [2][-]{section*.20}{\376\377\000V\000i\000e\000w\000e\000r\000\137\000i\000m\000a\000g\000e\000\040\000A\000t\000t\000r\000i\000b\000u\000t\000e\000s}{section*.2}% 19
\BOOKMARK [2][-]{section*.21}{\376\377\000C\000o\000n\000t\000r\000o\000l\000a\000d\000o\000r\000\040\000A\000t\000t\000r\000i\000b\000u\000t\000e\000s}{section*.2}% 20
\BOOKMARK [2][-]{section*.22}{\376\377\000U\000I\000\040\000A\000t\000t\000r\000i\000b\000u\000t\000e\000s\000\040\000R\000e\000f\000e\000r\000e\000n\000c\000e\000d\000\040\000f\000r\000o\000m\000\040\000U\000i\000\137\000M\000a\000i\000n\000W\000i\000n\000d\000o\000w}{section*.2}% 21
\BOOKMARK [2][-]{section*.23}{\376\377\000E\000x\000e\000c\000u\000t\000i\000o\000n\000\040\000F\000l\000o\000w\000\040\000S\000u\000m\000m\000a\000r\000y}{section*.2}% 22
\BOOKMARK [2][-]{section*.24}{\376\377\000W\000o\000r\000k\000e\000r\000\040\000M\000e\000t\000h\000o\000d\000o\000l\000o\000g\000y\000\040\000a\000n\000d\000\040\000A\000l\000g\000o\000r\000i\000t\000h\000m\000s}{section*.2}% 23
\BOOKMARK [3][-]{section*.25}{\376\377\000W\000o\000r\000k\000e\000r\000\040\000F\000a\000m\000i\000l\000i\000e\000s\000\040\000a\000n\000d\000\040\000M\000o\000r\000p\000h\000o\000l\000o\000g\000y}{section*.24}% 24
\BOOKMARK [3][-]{section*.26}{\376\377\0001\000\051\000\040\000G\000r\000a\000d\000a\000t\000i\000o\000n\000\040\000P\000r\000e\000p\000r\000o\000c\000e\000s\000s\000i\000n\000g\000\040\000a\000n\000d\000\040\000A\000r\000e\000a\000\040\000B\000u\000d\000g\000e\000t\000i\000n\000g}{section*.24}% 25
\BOOKMARK [3][-]{section*.27}{\376\377\0002\000\051\000\040\000A\000g\000g\000r\000e\000g\000a\000t\000e\000\040\000S\000i\000z\000e\000/\000S\000h\000a\000p\000e\000\040\000S\000a\000m\000p\000l\000i\000n\000g\000\040\000b\000y\000\040\000W\000o\000r\000k\000e\000r}{section*.24}% 26
\BOOKMARK [3][-]{section*.31}{\376\377\0003\000\051\000\040\000S\000p\000a\000t\000i\000a\000l\000\040\000P\000l\000a\000c\000e\000m\000e\000n\000t\000\040\000o\000f\000\040\000A\000g\000g\000r\000e\000g\000a\000t\000e\000s}{section*.24}% 27
\BOOKMARK [3][-]{section*.32}{\376\377\0004\000\051\000\040\000P\000o\000r\000e\000\040\000C\000o\000m\000p\000u\000t\000a\000t\000i\000o\000n\000\040\000a\000n\000d\000\040\000P\000l\000a\000c\000e\000m\000e\000n\000t}{section*.24}% 28
\BOOKMARK [3][-]{section*.33}{\376\377\0005\000\051\000\040\000R\000e\000a\000c\000t\000i\000v\000e\000\040\000P\000o\000i\000n\000t\000\040\000C\000o\000m\000p\000u\000t\000a\000t\000i\000o\000n}{section*.24}% 29
\BOOKMARK [3][-]{section*.34}{\376\377\0006\000\051\000\040\000R\000e\000a\000c\000t\000i\000v\000e\000\040\000P\000o\000i\000n\000t\000\040\000P\000l\000a\000c\000e\000m\000e\000n\000t\000:\000\040\000C\000l\000u\000s\000t\000e\000r\000s\000\040\000a\000n\000d\000\040\000N\000o\000i\000s\000e}{section*.24}% 30
\BOOKMARK [3][-]{section*.37}{\376\377\0007\000\051\000\040\000C\000o\000l\000l\000i\000s\000i\000o\000n\000\040\000L\000o\000g\000i\000c\000\040\000S\000u\000m\000m\000a\000r\000y}{section*.24}% 31
\BOOKMARK [3][-]{section*.38}{\376\377\0008\000\051\000\040\000N\000u\000m\000e\000r\000i\000c\000a\000l\000/\000I\000m\000p\000l\000e\000m\000e\000n\000t\000a\000t\000i\000o\000n\000\040\000S\000a\000f\000e\000g\000u\000a\000r\000d\000s}{section*.24}% 32
\BOOKMARK [3][-]{section*.39}{\376\377\0009\000\051\000\040\000W\000o\000r\000k\000e\000r\000\040\000P\000i\000p\000e\000l\000i\000n\000e\000\040\000\050\000C\000o\000m\000m\000o\000n\000\040\000P\000a\000t\000t\000e\000r\000n\000\051}{section*.24}% 33
\BOOKMARK [2][-]{section*.40}{\376\377\000P\000s\000e\000u\000d\000o\000c\000o\000d\000e\000\040\000b\000y\000\040\000S\000t\000a\000g\000e}{section*.2}% 34
\BOOKMARK [3][-]{section*.41}{\376\377\000A\000\051\000\040\000C\000o\000m\000m\000o\000n\000\040\000S\000i\000m\000u\000l\000a\000t\000i\000o\000n\000\040\000P\000i\000p\000e\000l\000i\000n\000e}{section*.40}% 35
\BOOKMARK [3][-]{section*.42}{\376\377\000B\000\051\000\040\000G\000r\000a\000d\000a\000t\000i\000o\000n\000\040\000a\000n\000d\000\040\000A\000r\000e\000a\000\040\000S\000p\000l\000i\000t}{section*.40}% 36
\BOOKMARK [3][-]{section*.43}{\376\377\000C\000\051\000\040\000A\000g\000g\000r\000e\000g\000a\000t\000e\000\040\000G\000e\000n\000e\000r\000a\000t\000i\000o\000n\000\040\000p\000e\000r\000\040\000W\000o\000r\000k\000e\000r}{section*.40}% 37
\BOOKMARK [3][-]{section*.47}{\376\377\000D\000\051\000\040\000A\000g\000g\000r\000e\000g\000a\000t\000e\000\040\000P\000l\000a\000c\000e\000m\000e\000n\000t\000\040\000C\000o\000r\000e}{section*.40}% 38
\BOOKMARK [3][-]{section*.48}{\376\377\000E\000\051\000\040\000P\000o\000r\000e\000\040\000R\000a\000d\000i\000u\000s\000\040\000G\000e\000n\000e\000r\000a\000t\000i\000o\000n\000\040\000a\000n\000d\000\040\000P\000l\000a\000c\000e\000m\000e\000n\000t}{section*.40}% 39
\BOOKMARK [3][-]{section*.49}{\376\377\000F\000\051\000\040\000R\000e\000a\000c\000t\000i\000v\000e\000\040\000P\000o\000i\000n\000t\000\040\000R\000a\000d\000i\000u\000s\000\040\000G\000e\000n\000e\000r\000a\000t\000i\000o\000n}{section*.40}% 40
\BOOKMARK [3][-]{section*.50}{\376\377\000G\000\051\000\040\000C\000l\000u\000s\000t\000e\000r\000-\000B\000a\000s\000e\000d\000\040\000R\000e\000a\000c\000t\000i\000v\000e\000\040\000P\000o\000i\000n\000t\000\040\000P\000l\000a\000c\000e\000m\000e\000n\000t}{section*.40}% 41
\BOOKMARK [3][-]{section*.51}{\376\377\000H\000\051\000\040\000S\000i\000m\000p\000l\000e\000x\000-\000N\000o\000i\000s\000e\000\040\000R\000e\000a\000c\000t\000i\000v\000e\000\040\000P\000o\000i\000n\000t\000\040\000P\000l\000a\000c\000e\000m\000e\000n\000t}{section*.40}% 42
\BOOKMARK [3][-]{section*.52}{\376\377\000I\000\051\000\040\000C\000o\000n\000s\000t\000r\000a\000i\000n\000t\000\040\000E\000v\000a\000l\000u\000a\000t\000i\000o\000n\000\040\000L\000o\000g\000i\000c}{section*.40}% 43
\BOOKMARK [3][-]{section*.53}{\376\377\000J\000\051\000\040\000P\000r\000a\000c\000t\000i\000c\000a\000l\000\040\000T\000u\000n\000i\000n\000g\000\040\000G\000u\000i\000d\000e}{section*.40}% 44
